// Jest Snapshot v1, https://goo.gl/fbAQLP

exports[`Search tests Should render corretly 1`] = `[Function]`;
