// Jest Snapshot v1, https://goo.gl/fbAQLP

exports[`Test product render Should render product corretly 1`] = `[Function]`;
